// Jest Snapshot v1, https://goo.gl/fbAQLP

exports[`Row Layout component  should render and check the snapshot 1`] = `<DocumentFragment />`;
