// Jest Snapshot v1, https://goo.gl/fbAQLP

exports[`Grid Layout component  should render and check the snapshot 1`] = `
<DocumentFragment>
  <div
    class="grid-container"
  >
     
  </div>
</DocumentFragment>
`;
